// Jest Snapshot v1, https://goo.gl/fbAQLP

exports[`environment > App renders without crashing 1`] = `
<DocumentFragment>
  <div
    class="container"
  >
    <div
      class="component"
    >
      Component hello world
    </div>
  </div>
</DocumentFragment>
`;
