// Jest Snapshot v1, https://goo.gl/fbAQLP

exports[`lib > Component renders without crashing 1`] = `
<DocumentFragment>
  <div
    class="component"
  >
    Component hello world
  </div>
</DocumentFragment>
`;
